Traceback (most recent call last):
  File "/home/scola/Maintenance/jupyter-book/jupyterbookenv/lib/python3.12/site-packages/jupyter_cache/executors/utils.py", line 58, in single_nb_execution
    executenb(
  File "/home/scola/Maintenance/jupyter-book/jupyterbookenv/lib/python3.12/site-packages/nbclient/client.py", line 1314, in execute
    return NotebookClient(nb=nb, resources=resources, km=km, **kwargs).execute()
           ^^^^^^^^^^^^^^^^^^^^^^^^^^^^^^^^^^^^^^^^^^^^^^^^^^^^^^^^^^^^^^^^^^^^^
  File "/home/scola/Maintenance/jupyter-book/jupyterbookenv/lib/python3.12/site-packages/jupyter_core/utils/__init__.py", line 165, in wrapped
    return loop.run_until_complete(inner)
           ^^^^^^^^^^^^^^^^^^^^^^^^^^^^^^
  File "/usr/lib/python3.12/asyncio/base_events.py", line 687, in run_until_complete
    return future.result()
           ^^^^^^^^^^^^^^^
  File "/home/scola/Maintenance/jupyter-book/jupyterbookenv/lib/python3.12/site-packages/nbclient/client.py", line 709, in async_execute
    await self.async_execute_cell(
  File "/home/scola/Maintenance/jupyter-book/jupyterbookenv/lib/python3.12/site-packages/nbclient/client.py", line 1062, in async_execute_cell
    await self._check_raise_for_error(cell, cell_index, exec_reply)
  File "/home/scola/Maintenance/jupyter-book/jupyterbookenv/lib/python3.12/site-packages/nbclient/client.py", line 918, in _check_raise_for_error
    raise CellExecutionError.from_cell_and_msg(cell, exec_reply_content)
nbclient.exceptions.CellExecutionError: An error occurred while executing the following cell:
------------------
import matplotlib.pyplot as plt
import numpy as np

fig, ax =plt.subplots (figsize = (7,4))
x = np.linspace (0, 4, 500)
n1 = 1 + np.cos (2 * np.pi * x)
n2 = 1 - np.cos (2 * np.pi * x)
ax.plot (x, n2)
plt.yticks ([])
axT = ax.twinx ()
axT.plot (x, n1, ls = 'dashed', color = 'C1')
ax.set_xticks ([0, 1, 2, 3, 4], ['O', 'a', '2a', '3a', '4a'])
plt.yticks ([])
ax.set_ylabel ('$n_2 (x)$', color = 'C0')
axT.set_ylabel ('$n_1(x)$', color = 'C1')
ax.set_xlabel ('x')
plt.show ()
------------------


[0;31m---------------------------------------------------------------------------[0m
[0;31mModuleNotFoundError[0m                       Traceback (most recent call last)
Cell [0;32mIn[1], line 1[0m
[0;32m----> 1[0m [38;5;28;01mimport[39;00m [38;5;21;01mmatplotlib[39;00m[38;5;21;01m.[39;00m[38;5;21;01mpyplot[39;00m [38;5;28;01mas[39;00m [38;5;21;01mplt[39;00m
[1;32m      2[0m [38;5;28;01mimport[39;00m [38;5;21;01mnumpy[39;00m [38;5;28;01mas[39;00m [38;5;21;01mnp[39;00m
[1;32m      4[0m fig, ax [38;5;241m=[39mplt[38;5;241m.[39msubplots (figsize [38;5;241m=[39m ([38;5;241m7[39m,[38;5;241m4[39m))

[0;31mModuleNotFoundError[0m: No module named 'matplotlib'

