Traceback (most recent call last):
  File "/home/scola/Maintenance/jupyter-book/jupyterbookenv/lib/python3.12/site-packages/jupyter_cache/executors/utils.py", line 58, in single_nb_execution
    executenb(
  File "/home/scola/Maintenance/jupyter-book/jupyterbookenv/lib/python3.12/site-packages/nbclient/client.py", line 1314, in execute
    return NotebookClient(nb=nb, resources=resources, km=km, **kwargs).execute()
           ^^^^^^^^^^^^^^^^^^^^^^^^^^^^^^^^^^^^^^^^^^^^^^^^^^^^^^^^^^^^^^^^^^^^^
  File "/home/scola/Maintenance/jupyter-book/jupyterbookenv/lib/python3.12/site-packages/jupyter_core/utils/__init__.py", line 165, in wrapped
    return loop.run_until_complete(inner)
           ^^^^^^^^^^^^^^^^^^^^^^^^^^^^^^
  File "/usr/lib/python3.12/asyncio/base_events.py", line 687, in run_until_complete
    return future.result()
           ^^^^^^^^^^^^^^^
  File "/home/scola/Maintenance/jupyter-book/jupyterbookenv/lib/python3.12/site-packages/nbclient/client.py", line 709, in async_execute
    await self.async_execute_cell(
  File "/home/scola/Maintenance/jupyter-book/jupyterbookenv/lib/python3.12/site-packages/nbclient/client.py", line 1062, in async_execute_cell
    await self._check_raise_for_error(cell, cell_index, exec_reply)
  File "/home/scola/Maintenance/jupyter-book/jupyterbookenv/lib/python3.12/site-packages/nbclient/client.py", line 918, in _check_raise_for_error
    raise CellExecutionError.from_cell_and_msg(cell, exec_reply_content)
nbclient.exceptions.CellExecutionError: An error occurred while executing the following cell:
------------------
import numpy as np
from IPython.display import display, Markdown
m = 9.1093837015e-31
kB = 1.380649e-23
T = 300
h = 6.62607015e-34
e = 1.602176634e-19

# Silicium
Eg = 1.12 # eV
me = 1.05 * m
mh = 1.15 * m


NC = 2 * (2*np.pi * me * kB*T / h/h) ** (3/2)
NV = 2 * (2*np.pi * mh * kB*T / h/h) ** (3/2)
NCstr  = f"Densité d'états moyenne dans la bande de conduction : "
NCstr += "$ N_C = 2 \left( \\frac{2\pi m^*_ek_BT}{h^2} \\right)^{3/2} $"
NCstr += f"\n  $N_C$ = {NC:.1e} m" + "$^{-3}$  "

NVstr  = f"Densité d'états moyenne dans la bande de valence : "
NVstr += "$ N_V = 2 \left( \\frac{2\pi m^*_hk_BT}{h^2} \\right)^{3/2} $"
NVstr += f"NV = {NV:.1e} m" + r"$^{-3}$"

display (Markdown (NCstr))
display (Markdown (NVstr))


ni = np.sqrt (NC * NV * np.exp (-Eg * e / kB / T))

# nombre de porteurs par mailles
a = 5.431020511e-10
V = a*a*a
------------------

----- stderr -----
<>:18: SyntaxWarning: invalid escape sequence '\l'
<>:22: SyntaxWarning: invalid escape sequence '\l'
<>:18: SyntaxWarning: invalid escape sequence '\l'
<>:22: SyntaxWarning: invalid escape sequence '\l'
/tmp/ipykernel_7549/525829593.py:18: SyntaxWarning: invalid escape sequence '\l'
  NCstr += "$ N_C = 2 \left( \\frac{2\pi m^*_ek_BT}{h^2} \\right)^{3/2} $"
/tmp/ipykernel_7549/525829593.py:22: SyntaxWarning: invalid escape sequence '\l'
  NVstr += "$ N_V = 2 \left( \\frac{2\pi m^*_hk_BT}{h^2} \\right)^{3/2} $"
/tmp/ipykernel_7549/525829593.py:18: SyntaxWarning: invalid escape sequence '\l'
  NCstr += "$ N_C = 2 \left( \\frac{2\pi m^*_ek_BT}{h^2} \\right)^{3/2} $"
/tmp/ipykernel_7549/525829593.py:22: SyntaxWarning: invalid escape sequence '\l'
  NVstr += "$ N_V = 2 \left( \\frac{2\pi m^*_hk_BT}{h^2} \\right)^{3/2} $"
------------------

[0;31m---------------------------------------------------------------------------[0m
[0;31mModuleNotFoundError[0m                       Traceback (most recent call last)
Cell [0;32mIn[1], line 1[0m
[0;32m----> 1[0m [38;5;28;01mimport[39;00m [38;5;21;01mnumpy[39;00m [38;5;28;01mas[39;00m [38;5;21;01mnp[39;00m
[1;32m      2[0m [38;5;28;01mfrom[39;00m [38;5;21;01mIPython[39;00m[38;5;21;01m.[39;00m[38;5;21;01mdisplay[39;00m [38;5;28;01mimport[39;00m display, Markdown
[1;32m      3[0m m [38;5;241m=[39m [38;5;241m9.1093837015e-31[39m

[0;31mModuleNotFoundError[0m: No module named 'numpy'

