Traceback (most recent call last):
  File "/home/scola/Maintenance/jupyter-book/jupyterbookenv/lib/python3.12/site-packages/jupyter_cache/executors/utils.py", line 58, in single_nb_execution
    executenb(
  File "/home/scola/Maintenance/jupyter-book/jupyterbookenv/lib/python3.12/site-packages/nbclient/client.py", line 1314, in execute
    return NotebookClient(nb=nb, resources=resources, km=km, **kwargs).execute()
           ^^^^^^^^^^^^^^^^^^^^^^^^^^^^^^^^^^^^^^^^^^^^^^^^^^^^^^^^^^^^^^^^^^^^^
  File "/home/scola/Maintenance/jupyter-book/jupyterbookenv/lib/python3.12/site-packages/jupyter_core/utils/__init__.py", line 165, in wrapped
    return loop.run_until_complete(inner)
           ^^^^^^^^^^^^^^^^^^^^^^^^^^^^^^
  File "/usr/lib/python3.12/asyncio/base_events.py", line 687, in run_until_complete
    return future.result()
           ^^^^^^^^^^^^^^^
  File "/home/scola/Maintenance/jupyter-book/jupyterbookenv/lib/python3.12/site-packages/nbclient/client.py", line 709, in async_execute
    await self.async_execute_cell(
  File "/home/scola/Maintenance/jupyter-book/jupyterbookenv/lib/python3.12/site-packages/nbclient/client.py", line 1062, in async_execute_cell
    await self._check_raise_for_error(cell, cell_index, exec_reply)
  File "/home/scola/Maintenance/jupyter-book/jupyterbookenv/lib/python3.12/site-packages/nbclient/client.py", line 918, in _check_raise_for_error
    raise CellExecutionError.from_cell_and_msg(cell, exec_reply_content)
nbclient.exceptions.CellExecutionError: An error occurred while executing the following cell:
------------------
import matplotlib.pyplot as plt
import numpy as np
nrows = 4
fig, ax = plt.subplots (nrows = nrows, ncols = 1, figsize = (5,6))
x = np.linspace (0,1)
for i in range (nrows):
    ax [i].plot (x, np.sin ((i+1) * np.pi * x),  color = f'C{i:d}')
    ax [i].text (0.92, 0.87,f'n = {i+1:d}', color = f'C{i:d}')
    
    # use set_position
    
    ax [i].spines ['top'].set_color ('none')
    ax [i].spines ['left'].set_position ('zero')
    ax [i].spines ['right'].set_color ('none')
    ax [i].spines ['bottom'].set_position ('zero')
    ax [i].set_ylim ((-1,1))
    ax [i].set_ylabel (r'$\psi$'+f'{i+1:d} (x)')
            

ax [nrows-1].set_xlabel ('x/L_x')
ax [nrows-1].xaxis.set_label_coords(0.5, -0.05)
ax [0].set_title (f"Allure des {nrows:d} premières fonctions d'onde de l'électron libre (1D)")


plt.tight_layout ()
plt.show ()
------------------


[0;31m---------------------------------------------------------------------------[0m
[0;31mModuleNotFoundError[0m                       Traceback (most recent call last)
Cell [0;32mIn[1], line 1[0m
[0;32m----> 1[0m [38;5;28;01mimport[39;00m [38;5;21;01mmatplotlib[39;00m[38;5;21;01m.[39;00m[38;5;21;01mpyplot[39;00m [38;5;28;01mas[39;00m [38;5;21;01mplt[39;00m
[1;32m      2[0m [38;5;28;01mimport[39;00m [38;5;21;01mnumpy[39;00m [38;5;28;01mas[39;00m [38;5;21;01mnp[39;00m
[1;32m      3[0m nrows [38;5;241m=[39m [38;5;241m4[39m

[0;31mModuleNotFoundError[0m: No module named 'matplotlib'

