Traceback (most recent call last):
  File "/home/scola/Maintenance/jupyter-book/jupyterbookenv/lib/python3.12/site-packages/jupyter_cache/executors/utils.py", line 58, in single_nb_execution
    executenb(
  File "/home/scola/Maintenance/jupyter-book/jupyterbookenv/lib/python3.12/site-packages/nbclient/client.py", line 1314, in execute
    return NotebookClient(nb=nb, resources=resources, km=km, **kwargs).execute()
           ^^^^^^^^^^^^^^^^^^^^^^^^^^^^^^^^^^^^^^^^^^^^^^^^^^^^^^^^^^^^^^^^^^^^^
  File "/home/scola/Maintenance/jupyter-book/jupyterbookenv/lib/python3.12/site-packages/jupyter_core/utils/__init__.py", line 165, in wrapped
    return loop.run_until_complete(inner)
           ^^^^^^^^^^^^^^^^^^^^^^^^^^^^^^
  File "/usr/lib/python3.12/asyncio/base_events.py", line 687, in run_until_complete
    return future.result()
           ^^^^^^^^^^^^^^^
  File "/home/scola/Maintenance/jupyter-book/jupyterbookenv/lib/python3.12/site-packages/nbclient/client.py", line 709, in async_execute
    await self.async_execute_cell(
  File "/home/scola/Maintenance/jupyter-book/jupyterbookenv/lib/python3.12/site-packages/nbclient/client.py", line 1062, in async_execute_cell
    await self._check_raise_for_error(cell, cell_index, exec_reply)
  File "/home/scola/Maintenance/jupyter-book/jupyterbookenv/lib/python3.12/site-packages/nbclient/client.py", line 918, in _check_raise_for_error
    raise CellExecutionError.from_cell_and_msg(cell, exec_reply_content)
nbclient.exceptions.CellExecutionError: An error occurred while executing the following cell:
------------------
import numpy as np
import matplotlib.pyplot as plt
E = np.linspace (0, 2, 101)
mu = 1
E /= mu

def f_FD (E, kBT):
    return 1 / (1 + np.exp ((E-1)/kBT))

    
fig, ax = plt.subplots ()
kBT = 0.001
ax.plot (E, f_FD (E, kBT), color = 'k', label = '$T$ = 0 K')

kBT = 0.1
ax.plot (E, f_FD (E, kBT), color = 'C0', label = '$k_BT = \mathcal{E}_F/10$')
ax.axvline (x = 1 + 2*kBT, ymin = 0, ymax =  f_FD (1 + 2*kBT, kBT), ls = 'dashed', color = 'k', lw = 0.5, alpha = 0.8)
ax.axhline (y = f_FD (1 + 2*kBT, kBT), xmin = 0, xmax = 0.5+kBT, color = 'k', lw = 0.5, alpha = 0.8)
ax.text ((1 + 2*kBT), f_FD (1 + 2*kBT, kBT) + 0.02, '$(\mathcal {E}+2k_BT)/\mathcal{E}_F$')

ax.axvline (x = 1 - 2*kBT, ymin = 0, ymax = f_FD (1 - 2*kBT, kBT), ls = 'dashed', color = 'k', lw = 0.5, alpha = 0.8)
ax.axhline (y = f_FD (1 - 2*kBT, kBT), xmin = 0, xmax = 0.5 - kBT, ls = 'dashed', color = 'k', lw = 0.5, alpha = 0.8)
ax.text ((1 - 2*kBT)-0.4, f_FD (1 - 2*kBT, kBT) - 0.08, '$(\mathcal {E}-2k_BT)/\mathcal{E}_F$')

ax.set_xlabel ('$\mathcal{E}/\mathcal{E}_F$')
ax.set_ylabel ('$f_{FD} (\mathcal{E}/\mathcal{E}_F)$')
ax.set_ylim (0,1.02)
ax.set_xlim (0,2)

ax.legend ()
ax.set_title ('Statistique de Fermi-Dirac')
plt.show ()
------------------

----- stderr -----
<>:16: SyntaxWarning: invalid escape sequence '\m'
<>:19: SyntaxWarning: invalid escape sequence '\m'
<>:23: SyntaxWarning: invalid escape sequence '\m'
<>:25: SyntaxWarning: invalid escape sequence '\m'
<>:26: SyntaxWarning: invalid escape sequence '\m'
<>:16: SyntaxWarning: invalid escape sequence '\m'
<>:19: SyntaxWarning: invalid escape sequence '\m'
<>:23: SyntaxWarning: invalid escape sequence '\m'
<>:25: SyntaxWarning: invalid escape sequence '\m'
<>:26: SyntaxWarning: invalid escape sequence '\m'
/tmp/ipykernel_7741/606536689.py:16: SyntaxWarning: invalid escape sequence '\m'
  ax.plot (E, f_FD (E, kBT), color = 'C0', label = '$k_BT = \mathcal{E}_F/10$')
/tmp/ipykernel_7741/606536689.py:19: SyntaxWarning: invalid escape sequence '\m'
  ax.text ((1 + 2*kBT), f_FD (1 + 2*kBT, kBT) + 0.02, '$(\mathcal {E}+2k_BT)/\mathcal{E}_F$')
/tmp/ipykernel_7741/606536689.py:23: SyntaxWarning: invalid escape sequence '\m'
  ax.text ((1 - 2*kBT)-0.4, f_FD (1 - 2*kBT, kBT) - 0.08, '$(\mathcal {E}-2k_BT)/\mathcal{E}_F$')
/tmp/ipykernel_7741/606536689.py:25: SyntaxWarning: invalid escape sequence '\m'
  ax.set_xlabel ('$\mathcal{E}/\mathcal{E}_F$')
/tmp/ipykernel_7741/606536689.py:26: SyntaxWarning: invalid escape sequence '\m'
  ax.set_ylabel ('$f_{FD} (\mathcal{E}/\mathcal{E}_F)$')
/tmp/ipykernel_7741/606536689.py:16: SyntaxWarning: invalid escape sequence '\m'
  ax.plot (E, f_FD (E, kBT), color = 'C0', label = '$k_BT = \mathcal{E}_F/10$')
/tmp/ipykernel_7741/606536689.py:19: SyntaxWarning: invalid escape sequence '\m'
  ax.text ((1 + 2*kBT), f_FD (1 + 2*kBT, kBT) + 0.02, '$(\mathcal {E}+2k_BT)/\mathcal{E}_F$')
/tmp/ipykernel_7741/606536689.py:23: SyntaxWarning: invalid escape sequence '\m'
  ax.text ((1 - 2*kBT)-0.4, f_FD (1 - 2*kBT, kBT) - 0.08, '$(\mathcal {E}-2k_BT)/\mathcal{E}_F$')
/tmp/ipykernel_7741/606536689.py:25: SyntaxWarning: invalid escape sequence '\m'
  ax.set_xlabel ('$\mathcal{E}/\mathcal{E}_F$')
/tmp/ipykernel_7741/606536689.py:26: SyntaxWarning: invalid escape sequence '\m'
  ax.set_ylabel ('$f_{FD} (\mathcal{E}/\mathcal{E}_F)$')
------------------

[0;31m---------------------------------------------------------------------------[0m
[0;31mModuleNotFoundError[0m                       Traceback (most recent call last)
Cell [0;32mIn[1], line 1[0m
[0;32m----> 1[0m [38;5;28;01mimport[39;00m [38;5;21;01mnumpy[39;00m [38;5;28;01mas[39;00m [38;5;21;01mnp[39;00m
[1;32m      2[0m [38;5;28;01mimport[39;00m [38;5;21;01mmatplotlib[39;00m[38;5;21;01m.[39;00m[38;5;21;01mpyplot[39;00m [38;5;28;01mas[39;00m [38;5;21;01mplt[39;00m
[1;32m      3[0m E [38;5;241m=[39m np[38;5;241m.[39mlinspace ([38;5;241m0[39m, [38;5;241m2[39m, [38;5;241m101[39m)

[0;31mModuleNotFoundError[0m: No module named 'numpy'

